<?xml version="1.0"?>
<link_info>
   <banner>TMS320C6x Linker PC v7.4.8</banner>
   <copyright>Copyright (c) 1996-2014 Texas Instruments Incorporated</copyright>
   <link_time>0x5a86fbb4</link_time>
   <output_file>ProKaTimSS2018.out</output_file>
   <entry_point>
      <name>_c_int00</name>
      <address>0xab60</address>
   </entry_point>
   <input_file_list>
      <input_file id="fl-b">
         <path>.\</path>
         <kind>object</kind>
         <file>ProKaTimSS2018cfg.obj</file>
         <name>ProKaTimSS2018cfg.obj</name>
      </input_file>
      <input_file id="fl-c">
         <path>.\</path>
         <kind>object</kind>
         <file>ProKaTimSS2018cfg_c.obj</file>
         <name>ProKaTimSS2018cfg_c.obj</name>
      </input_file>
      <input_file id="fl-d">
         <path>.\</path>
         <kind>object</kind>
         <file>main.obj</file>
         <name>main.obj</name>
      </input_file>
      <input_file id="fl-89">
         <path>C:\ti\bios_5_42_01_09\packages\ti\bios\lib\</path>
         <kind>archive</kind>
         <file>biosC6000.a67</file>
         <name>clk_htime.o67</name>
      </input_file>
      <input_file id="fl-8a">
         <path>C:\ti\bios_5_42_01_09\packages\ti\bios\lib\</path>
         <kind>archive</kind>
         <file>bios.a67</file>
         <name>biosdata.o67</name>
      </input_file>
      <input_file id="fl-8b">
         <path>C:\ti\bios_5_42_01_09\packages\ti\bios\lib\</path>
         <kind>archive</kind>
         <file>bios.a67</file>
         <name>hwi_disp_asm.o67</name>
      </input_file>
      <input_file id="fl-8c">
         <path>C:\ti\bios_5_42_01_09\packages\ti\bios\lib\</path>
         <kind>archive</kind>
         <file>bios.a67</file>
         <name>idl_stub.o67</name>
      </input_file>
      <input_file id="fl-8d">
         <path>C:\ti\bios_5_42_01_09\packages\ti\bios\lib\</path>
         <kind>archive</kind>
         <file>lnkrtdx.a67</file>
         <name>rtdx.o67</name>
      </input_file>
      <input_file id="fl-8e">
         <path>C:\ti\bios_5_42_01_09\packages\ti\bios\lib\</path>
         <kind>archive</kind>
         <file>bios.a67</file>
         <name>swi.o67</name>
      </input_file>
      <input_file id="fl-8f">
         <path>C:\ti\bios_5_42_01_09\packages\ti\bios\lib\</path>
         <kind>archive</kind>
         <file>bios.a67</file>
         <name>fxn_c.o67</name>
      </input_file>
      <input_file id="fl-90">
         <path>C:\ti\bios_5_42_01_09\packages\ti\bios\lib\</path>
         <kind>archive</kind>
         <file>bios.a67</file>
         <name>gbl_cslpllinit62.o67</name>
      </input_file>
      <input_file id="fl-91">
         <path>C:\ti\bios_5_42_01_09\packages\ti\bios\lib\</path>
         <kind>archive</kind>
         <file>bios.a67</file>
         <name>knl_tick.o67</name>
      </input_file>
      <input_file id="fl-92">
         <path>C:\ti\bios_5_42_01_09\packages\ti\bios\lib\</path>
         <kind>archive</kind>
         <file>bios.a67</file>
         <name>utl_doab.o67</name>
      </input_file>
      <input_file id="fl-93">
         <path>C:\ti\bios_5_42_01_09\packages\ti\bios\lib\</path>
         <kind>archive</kind>
         <file>bios.a67</file>
         <name>utl_doer.o67</name>
      </input_file>
      <input_file id="fl-94">
         <path>C:\ti\bios_5_42_01_09\packages\ti\bios\lib\</path>
         <kind>archive</kind>
         <file>bios.a67</file>
         <name>utl_putc.o67</name>
      </input_file>
      <input_file id="fl-95">
         <path>C:\ti\bios_5_42_01_09\packages\ti\bios\lib\</path>
         <kind>archive</kind>
         <file>bios.a67</file>
         <name>utl_halt.o67</name>
      </input_file>
      <input_file id="fl-96">
         <path>C:\ti\bios_5_42_01_09\packages\ti\bios\lib\</path>
         <kind>archive</kind>
         <file>biosC6000.a67</file>
         <name>clk.o67</name>
      </input_file>
      <input_file id="fl-97">
         <path>C:\ti\bios_5_42_01_09\packages\ti\bios\lib\</path>
         <kind>archive</kind>
         <file>bios.a67</file>
         <name>fxn.o67</name>
      </input_file>
      <input_file id="fl-98">
         <path>C:\ti\bios_5_42_01_09\packages\ti\bios\lib\</path>
         <kind>archive</kind>
         <file>bios.a67</file>
         <name>boot.o67</name>
      </input_file>
      <input_file id="fl-99">
         <path>C:\ti\bios_5_42_01_09\packages\ti\bios\lib\</path>
         <kind>archive</kind>
         <file>bios.a67</file>
         <name>trc.o67</name>
      </input_file>
      <input_file id="fl-9a">
         <path>C:\ti\bios_5_42_01_09\packages\ti\bios\lib\</path>
         <kind>archive</kind>
         <file>bios.a67</file>
         <name>hwi.o67</name>
      </input_file>
      <input_file id="fl-9b">
         <path>C:\ti\bios_5_42_01_09\packages\ti\bios\lib\</path>
         <kind>archive</kind>
         <file>bios.a67</file>
         <name>idl_busy.o67</name>
      </input_file>
      <input_file id="fl-9c">
         <path>C:\ti\bios_5_42_01_09\packages\ti\bios\lib\</path>
         <kind>archive</kind>
         <file>biosC6000.a67</file>
         <name>idl_cal.o67</name>
      </input_file>
      <input_file id="fl-9d">
         <path>C:\ti\bios_5_42_01_09\packages\ti\bios\lib\</path>
         <kind>archive</kind>
         <file>bios.a67</file>
         <name>idl.o67</name>
      </input_file>
      <input_file id="fl-9e">
         <path>C:\ti\bios_5_42_01_09\packages\ti\bios\lib\</path>
         <kind>archive</kind>
         <file>bios.a67</file>
         <name>knl_swit.o67</name>
      </input_file>
      <input_file id="fl-9f">
         <path>C:\ti\bios_5_42_01_09\packages\ti\bios\lib\</path>
         <kind>archive</kind>
         <file>bios.a67</file>
         <name>log.o67</name>
      </input_file>
      <input_file id="fl-a0">
         <path>C:\ti\bios_5_42_01_09\packages\ti\bios\lib\</path>
         <kind>archive</kind>
         <file>bios.a67</file>
         <name>pip.o67</name>
      </input_file>
      <input_file id="fl-a1">
         <path>C:\ti\bios_5_42_01_09\packages\ti\bios\lib\</path>
         <kind>archive</kind>
         <file>bios.a67</file>
         <name>prd.o67</name>
      </input_file>
      <input_file id="fl-a2">
         <path>C:\ti\bios_5_42_01_09\packages\ti\bios\lib\</path>
         <kind>archive</kind>
         <file>bios.a67</file>
         <name>rta.o67</name>
      </input_file>
      <input_file id="fl-a3">
         <path>C:\ti\bios_5_42_01_09\packages\ti\bios\lib\</path>
         <kind>archive</kind>
         <file>bios.a67</file>
         <name>rta_andn.o67</name>
      </input_file>
      <input_file id="fl-a4">
         <path>C:\ti\bios_5_42_01_09\packages\ti\bios\lib\</path>
         <kind>archive</kind>
         <file>bios.a67</file>
         <name>sts.o67</name>
      </input_file>
      <input_file id="fl-a5">
         <path>C:\ti\bios_5_42_01_09\packages\ti\bios\lib\</path>
         <kind>archive</kind>
         <file>bios.a67</file>
         <name>clk_data.o67</name>
      </input_file>
      <input_file id="fl-a6">
         <path>C:\ti\bios_5_42_01_09\packages\ti\bios\lib\</path>
         <kind>archive</kind>
         <file>bios.a67</file>
         <name>clk_data2.o67</name>
      </input_file>
      <input_file id="fl-a7">
         <path>C:\ti\bios_5_42_01_09\packages\ti\bios\lib\</path>
         <kind>archive</kind>
         <file>biosC6000.a67</file>
         <name>clk_meas.o67</name>
      </input_file>
      <input_file id="fl-a8">
         <path>C:\ti\bios_5_42_01_09\packages\ti\bios\lib\</path>
         <kind>archive</kind>
         <file>biosC6000.a67</file>
         <name>clk_start.o67</name>
      </input_file>
      <input_file id="fl-a9">
         <path>C:\ti\bios_5_42_01_09\packages\ti\bios\lib\</path>
         <kind>archive</kind>
         <file>biosC6000.a67</file>
         <name>clk_stop.o67</name>
      </input_file>
      <input_file id="fl-aa">
         <path>C:\ti\bios_5_42_01_09\packages\ti\bios\lib\</path>
         <kind>archive</kind>
         <file>bios.a67</file>
         <name>gbl_cslcacheinit.o67</name>
      </input_file>
      <input_file id="fl-ab">
         <path>C:\ti\bios_5_42_01_09\packages\ti\bios\lib\</path>
         <kind>archive</kind>
         <file>bios.a67</file>
         <name>gbl_vers.o67</name>
      </input_file>
      <input_file id="fl-ac">
         <path>C:\ti\bios_5_42_01_09\packages\ti\bios\lib\</path>
         <kind>archive</kind>
         <file>bios.a67</file>
         <name>hwi_c.o67</name>
      </input_file>
      <input_file id="fl-ad">
         <path>C:\ti\bios_5_42_01_09\packages\ti\bios\lib\</path>
         <kind>archive</kind>
         <file>bios.a67</file>
         <name>knl.o67</name>
      </input_file>
      <input_file id="fl-ae">
         <path>C:\ti\bios_5_42_01_09\packages\ti\bios\lib\</path>
         <kind>archive</kind>
         <file>bios.a67</file>
         <name>knl_exit.o67</name>
      </input_file>
      <input_file id="fl-af">
         <path>C:\ti\bios_5_42_01_09\packages\ti\bios\lib\</path>
         <kind>archive</kind>
         <file>bios.a67</file>
         <name>knl_chec.o67</name>
      </input_file>
      <input_file id="fl-b0">
         <path>C:\ti\bios_5_42_01_09\packages\ti\bios\lib\</path>
         <kind>archive</kind>
         <file>bios.a67</file>
         <name>knl_post.o67</name>
      </input_file>
      <input_file id="fl-b1">
         <path>C:\ti\bios_5_42_01_09\packages\ti\bios\lib\</path>
         <kind>archive</kind>
         <file>bios.a67</file>
         <name>knl_ipos.o67</name>
      </input_file>
      <input_file id="fl-b2">
         <path>C:\ti\bios_5_42_01_09\packages\ti\bios\lib\</path>
         <kind>archive</kind>
         <file>bios.a67</file>
         <name>knl_run.o67</name>
      </input_file>
      <input_file id="fl-b3">
         <path>C:\ti\bios_5_42_01_09\packages\ti\bios\lib\</path>
         <kind>archive</kind>
         <file>bios.a67</file>
         <name>mem_asm.o67</name>
      </input_file>
      <input_file id="fl-b4">
         <path>C:\ti\bios_5_42_01_09\packages\ti\bios\lib\</path>
         <kind>archive</kind>
         <file>bios.a67</file>
         <name>mem_init.o67</name>
      </input_file>
      <input_file id="fl-b5">
         <path>C:\ti\bios_5_42_01_09\packages\ti\bios\lib\</path>
         <kind>archive</kind>
         <file>bios.a67</file>
         <name>obj_init.o67</name>
      </input_file>
      <input_file id="fl-b6">
         <path>C:\ti\bios_5_42_01_09\packages\ti\rtdx\lib\c6000\</path>
         <kind>archive</kind>
         <file>rtdx.lib</file>
         <name>buffer2.o62</name>
      </input_file>
      <input_file id="fl-b7">
         <path>C:\ti\bios_5_42_01_09\packages\ti\rtdx\lib\c6000\</path>
         <kind>archive</kind>
         <file>rtdx.lib</file>
         <name>buffer1.o62</name>
      </input_file>
      <input_file id="fl-b8">
         <path>C:\ti\bios_5_42_01_09\packages\ti\rtdx\lib\c6000\</path>
         <kind>archive</kind>
         <file>rtdx.lib</file>
         <name>intr_tgt.o62</name>
      </input_file>
      <input_file id="fl-b9">
         <path>C:\ti\bios_5_42_01_09\packages\ti\rtdx\lib\c6000\</path>
         <kind>archive</kind>
         <file>rtdx.lib</file>
         <name>rtdx_mon.o62</name>
      </input_file>
      <input_file id="fl-ba">
         <path>C:\ti\bios_5_42_01_09\packages\ti\bios\lib\</path>
         <kind>archive</kind>
         <file>bios.a67</file>
         <name>sts_set.o67</name>
      </input_file>
      <input_file id="fl-bb">
         <path>C:\ti\bios_5_42_01_09\packages\ti\bios\lib\</path>
         <kind>archive</kind>
         <file>bios.a67</file>
         <name>tsk.o67</name>
      </input_file>
      <input_file id="fl-bc">
         <path>C:\ti\bios_5_42_01_09\packages\ti\bios\lib\</path>
         <kind>archive</kind>
         <file>bios.a67</file>
         <name>tsk_exit.o67</name>
      </input_file>
      <input_file id="fl-bd">
         <path>C:\ti\bios_5_42_01_09\packages\ti\bios\lib\</path>
         <kind>archive</kind>
         <file>bios.a67</file>
         <name>sys_exit.o67</name>
      </input_file>
      <input_file id="fl-be">
         <path>C:\ti\bios_5_42_01_09\packages\ti\bios\lib\</path>
         <kind>archive</kind>
         <file>bios.a67</file>
         <name>sys.o67</name>
      </input_file>
      <input_file id="fl-bf">
         <path>C:\ti\bios_5_42_01_09\packages\ti\bios\lib\</path>
         <kind>archive</kind>
         <file>bios.a67</file>
         <name>tsk_init.o67</name>
      </input_file>
      <input_file id="fl-c0">
         <path>C:\ti\bios_5_42_01_09\packages\ti\bios\lib\</path>
         <kind>archive</kind>
         <file>bios.a67</file>
         <name>tsk_setu.o67</name>
      </input_file>
      <input_file id="fl-c1">
         <path>C:\ti\bios_5_42_01_09\packages\ti\bios\lib\</path>
         <kind>archive</kind>
         <file>bios.a67</file>
         <name>tsk_stup.o67</name>
      </input_file>
      <input_file id="fl-c2">
         <path>C:\ti\bios_5_42_01_09\packages\ti\bios\lib\</path>
         <kind>archive</kind>
         <file>bios.a67</file>
         <name>lck.o67</name>
      </input_file>
      <input_file id="fl-c3">
         <path>C:\ti\bios_5_42_01_09\packages\ti\bios\lib\</path>
         <kind>archive</kind>
         <file>bios.a67</file>
         <name>sem_pend_counting.o67</name>
      </input_file>
      <input_file id="fl-c4">
         <path>C:\ti\bios_5_42_01_09\packages\ti\bios\lib\</path>
         <kind>archive</kind>
         <file>bios.a67</file>
         <name>sem_pend.o67</name>
      </input_file>
      <input_file id="fl-c5">
         <path>C:\ti\bios_5_42_01_09\packages\ti\bios\lib\</path>
         <kind>archive</kind>
         <file>bios.a67</file>
         <name>sem_post_asm.o67</name>
      </input_file>
      <input_file id="fl-c6">
         <path>C:\ti\bios_5_42_01_09\packages\ti\bios\lib\</path>
         <kind>archive</kind>
         <file>bios.a67</file>
         <name>sem_post.o67</name>
      </input_file>
      <input_file id="fl-c7">
         <path>C:\ti\bios_5_42_01_09\packages\ti\bios\lib\</path>
         <kind>archive</kind>
         <file>bios.a67</file>
         <name>sys_abor.o67</name>
      </input_file>
      <input_file id="fl-c8">
         <path>C:\ti\bios_5_42_01_09\packages\ti\bios\lib\</path>
         <kind>archive</kind>
         <file>bios.a67</file>
         <name>gbl_setL2CacheMode.o67</name>
      </input_file>
      <input_file id="fl-c9">
         <path>C:\ti\bios_5_42_01_09\packages\ti\bios\lib\</path>
         <kind>archive</kind>
         <file>bios.a67</file>
         <name>sem_dopo.o67</name>
      </input_file>
      <input_file id="fl-ca">
         <path>C:\ti\bios_5_42_01_09\packages\ti\bios\lib\</path>
         <kind>archive</kind>
         <file>bios.a67</file>
         <name>autoinit.o67</name>
      </input_file>
      <input_file id="fl-cb">
         <path>c:\ti\ccsv6\tools\compiler\c6000_7.4.8\lib\</path>
         <kind>archive</kind>
         <file>rts6700.lib</file>
         <name>_lock.obj</name>
      </input_file>
      <input_file id="fl-cc">
         <path>c:\ti\ccsv6\tools\compiler\c6000_7.4.8\lib\</path>
         <kind>archive</kind>
         <file>rts6700.lib</file>
         <name>atexit.obj</name>
      </input_file>
      <input_file id="fl-cd">
         <path>c:\ti\ccsv6\tools\compiler\c6000_7.4.8\lib\</path>
         <kind>archive</kind>
         <file>rts6700.lib</file>
         <name>sinit.obj</name>
      </input_file>
      <input_file id="fl-ce">
         <path>c:\ti\ccsv6\tools\compiler\c6000_7.4.8\lib\</path>
         <kind>archive</kind>
         <file>rts6700.lib</file>
         <name>exit.obj</name>
      </input_file>
      <input_file id="fl-cf">
         <path>c:\ti\ccsv6\tools\compiler\c6000_7.4.8\lib\</path>
         <kind>archive</kind>
         <file>rts6700.lib</file>
         <name>memcpy62.obj</name>
      </input_file>
   </input_file_list>
   <object_component_list>
      <object_component id="oc-60">
         <name>.vers</name>
         <load_address>0x0</load_address>
         <run_address>0x0</run_address>
         <size>0x44</size>
         <input_file_ref idref="fl-b"/>
      </object_component>
      <object_component id="oc-50">
         <name>.clk</name>
         <uninitialized>true</uninitialized>
         <run_address>0xc338</run_address>
         <size>0x8</size>
         <input_file_ref idref="fl-b"/>
      </object_component>
      <object_component id="oc-7">
         <name>HWI_A_VECS</name>
         <load_address>0x0</load_address>
         <run_address>0x0</run_address>
         <size>0x0</size>
      </object_component>
      <object_component id="oc-55">
         <name>.hwi_vec</name>
         <load_address>0x0</load_address>
         <run_address>0x0</run_address>
         <size>0x200</size>
         <input_file_ref idref="fl-b"/>
      </object_component>
      <object_component id="oc-56">
         <name>.swi</name>
         <uninitialized>true</uninitialized>
         <run_address>0xc274</run_address>
         <size>0x2c</size>
         <input_file_ref idref="fl-b"/>
      </object_component>
      <object_component id="oc-59">
         <name>.tsk</name>
         <uninitialized>true</uninitialized>
         <run_address>0xc198</run_address>
         <size>0x60</size>
         <input_file_ref idref="fl-b"/>
      </object_component>
      <object_component id="oc-5c">
         <name>.idl</name>
         <uninitialized>true</uninitialized>
         <run_address>0xc2f0</run_address>
         <size>0x10</size>
         <input_file_ref idref="fl-b"/>
      </object_component>
      <object_component id="oc-5b">
         <name>.idlcal</name>
         <uninitialized>true</uninitialized>
         <run_address>0xc300</run_address>
         <size>0x10</size>
         <input_file_ref idref="fl-b"/>
      </object_component>
      <object_component id="oc-45">
         <name>.bss</name>
         <uninitialized>true</uninitialized>
         <run_address>0xbb74</run_address>
         <size>0x28</size>
         <input_file_ref idref="fl-b"/>
      </object_component>
      <object_component id="oc-6d">
         <name>.bss</name>
         <uninitialized>true</uninitialized>
         <run_address>0xb9c4</run_address>
         <size>0xcc</size>
         <input_file_ref idref="fl-8a"/>
      </object_component>
      <object_component id="oc-6f">
         <name>.bss</name>
         <uninitialized>true</uninitialized>
         <run_address>0xb8c4</run_address>
         <size>0x100</size>
         <input_file_ref idref="fl-8b"/>
      </object_component>
      <object_component id="oc-76">
         <name>.bss</name>
         <uninitialized>true</uninitialized>
         <run_address>0xbbb4</run_address>
         <size>0x18</size>
         <input_file_ref idref="fl-8d"/>
      </object_component>
      <object_component id="oc-7c">
         <name>.bss</name>
         <uninitialized>true</uninitialized>
         <run_address>0xba90</run_address>
         <size>0x9c</size>
         <input_file_ref idref="fl-8e"/>
      </object_component>
      <object_component id="oc-aa">
         <name>.bss</name>
         <uninitialized>true</uninitialized>
         <run_address>0xbb9c</run_address>
         <size>0x18</size>
         <input_file_ref idref="fl-9a"/>
      </object_component>
      <object_component id="oc-ac">
         <name>.bss</name>
         <uninitialized>true</uninitialized>
         <run_address>0xbc00</run_address>
         <size>0x4</size>
         <input_file_ref idref="fl-9b"/>
      </object_component>
      <object_component id="oc-d8">
         <name>.bss</name>
         <uninitialized>true</uninitialized>
         <run_address>0xbbe8</run_address>
         <size>0x8</size>
         <input_file_ref idref="fl-a5"/>
      </object_component>
      <object_component id="oc-db">
         <name>.bss</name>
         <uninitialized>true</uninitialized>
         <run_address>0xbbf8</run_address>
         <size>0x4</size>
         <input_file_ref idref="fl-a6"/>
      </object_component>
      <object_component id="oc-f6">
         <name>.bss</name>
         <uninitialized>true</uninitialized>
         <run_address>0xbb2c</run_address>
         <size>0x48</size>
         <input_file_ref idref="fl-ad"/>
      </object_component>
      <object_component id="oc-10f">
         <name>.bss</name>
         <uninitialized>true</uninitialized>
         <run_address>0xbc04</run_address>
         <size>0x4</size>
         <input_file_ref idref="fl-b3"/>
      </object_component>
      <object_component id="oc-11d">
         <name>.bss</name>
         <uninitialized>true</uninitialized>
         <run_address>0xbbcc</run_address>
         <size>0x10</size>
         <input_file_ref idref="fl-b7"/>
      </object_component>
      <object_component id="oc-131">
         <name>.bss</name>
         <uninitialized>true</uninitialized>
         <run_address>0xbbdc</run_address>
         <size>0xc</size>
         <input_file_ref idref="fl-bb"/>
      </object_component>
      <object_component id="oc-13f">
         <name>.bss</name>
         <uninitialized>true</uninitialized>
         <run_address>0xbbf0</run_address>
         <size>0x8</size>
         <input_file_ref idref="fl-be"/>
      </object_component>
      <object_component id="oc-16c">
         <name>.bss</name>
         <uninitialized>true</uninitialized>
         <run_address>0xbbfc</run_address>
         <size>0x4</size>
         <input_file_ref idref="fl-c8"/>
      </object_component>
      <object_component id="oc-89">
         <name>.far</name>
         <uninitialized>true</uninitialized>
         <run_address>0xb890</run_address>
         <size>0x10</size>
         <input_file_ref idref="fl-91"/>
      </object_component>
      <object_component id="oc-96">
         <name>.far</name>
         <uninitialized>true</uninitialized>
         <run_address>0xb8a0</run_address>
         <size>0xc</size>
         <input_file_ref idref="fl-94"/>
      </object_component>
      <object_component id="oc-f9">
         <name>.far</name>
         <uninitialized>true</uninitialized>
         <run_address>0xb698</run_address>
         <size>0xd8</size>
         <input_file_ref idref="fl-ad"/>
      </object_component>
      <object_component id="oc-116">
         <name>.far</name>
         <uninitialized>true</uninitialized>
         <run_address>0xb7cc</run_address>
         <size>0x54</size>
         <input_file_ref idref="fl-b5"/>
      </object_component>
      <object_component id="oc-134">
         <name>.far</name>
         <uninitialized>true</uninitialized>
         <run_address>0xb770</run_address>
         <size>0x5c</size>
         <input_file_ref idref="fl-bb"/>
      </object_component>
      <object_component id="oc-142">
         <name>.far</name>
         <uninitialized>true</uninitialized>
         <run_address>0xb870</run_address>
         <size>0x20</size>
         <input_file_ref idref="fl-be"/>
      </object_component>
      <object_component id="oc-14f">
         <name>.far</name>
         <uninitialized>true</uninitialized>
         <run_address>0xb820</run_address>
         <size>0x50</size>
         <input_file_ref idref="fl-c1"/>
      </object_component>
      <object_component id="oc-17c">
         <name>.far</name>
         <uninitialized>true</uninitialized>
         <run_address>0xb8b8</run_address>
         <size>0x8</size>
         <input_file_ref idref="fl-cb"/>
      </object_component>
      <object_component id="oc-181">
         <name>.far</name>
         <uninitialized>true</uninitialized>
         <run_address>0xb510</run_address>
         <size>0x188</size>
         <input_file_ref idref="fl-cc"/>
      </object_component>
      <object_component id="oc-186">
         <name>.far</name>
         <uninitialized>true</uninitialized>
         <run_address>0xb8c0</run_address>
         <size>0x4</size>
         <input_file_ref idref="fl-cd"/>
      </object_component>
      <object_component id="oc-18b">
         <name>.far</name>
         <uninitialized>true</uninitialized>
         <run_address>0xb8ac</run_address>
         <size>0xc</size>
         <input_file_ref idref="fl-ce"/>
      </object_component>
      <object_component id="oc-4c">
         <name>.mem</name>
         <uninitialized>true</uninitialized>
         <run_address>0xb10c</run_address>
         <size>0x4</size>
         <input_file_ref idref="fl-b"/>
      </object_component>
      <object_component id="oc-78">
         <name>.bios</name>
         <load_address>0x200</load_address>
         <run_address>0x200</run_address>
         <size>0x600</size>
         <input_file_ref idref="fl-8d"/>
      </object_component>
      <object_component id="oc-16f">
         <name>.bios</name>
         <load_address>0x800</load_address>
         <run_address>0x800</run_address>
         <size>0x5e0</size>
         <input_file_ref idref="fl-c8"/>
      </object_component>
      <object_component id="oc-42">
         <name>.bios</name>
         <load_address>0xde0</load_address>
         <run_address>0xde0</run_address>
         <size>0x540</size>
         <input_file_ref idref="fl-8e"/>
      </object_component>
      <object_component id="oc-43">
         <name>.bios</name>
         <load_address>0x1320</load_address>
         <run_address>0x1320</run_address>
         <size>0x460</size>
         <input_file_ref idref="fl-8b"/>
      </object_component>
      <object_component id="oc-c7">
         <name>.bios</name>
         <load_address>0x1780</load_address>
         <run_address>0x1780</run_address>
         <size>0x3a0</size>
         <input_file_ref idref="fl-a1"/>
      </object_component>
      <object_component id="oc-10c">
         <name>.bios</name>
         <load_address>0x1b20</load_address>
         <run_address>0x1b20</run_address>
         <size>0x2c0</size>
         <input_file_ref idref="fl-b2"/>
      </object_component>
      <object_component id="oc-cc">
         <name>.bios</name>
         <load_address>0x1de0</load_address>
         <run_address>0x1de0</run_address>
         <size>0x2c0</size>
         <input_file_ref idref="fl-a2"/>
      </object_component>
      <object_component id="oc-15d">
         <name>.bios</name>
         <load_address>0x20a0</load_address>
         <run_address>0x20a0</run_address>
         <size>0x2c0</size>
         <input_file_ref idref="fl-c4"/>
      </object_component>
      <object_component id="oc-47">
         <name>.bios</name>
         <load_address>0x2360</load_address>
         <run_address>0x2360</run_address>
         <size>0x260</size>
         <input_file_ref idref="fl-91"/>
      </object_component>
      <object_component id="oc-c3">
         <name>.bios</name>
         <load_address>0x25c0</load_address>
         <run_address>0x25c0</run_address>
         <size>0x240</size>
         <input_file_ref idref="fl-a0"/>
      </object_component>
      <object_component id="oc-173">
         <name>.bios</name>
         <load_address>0x2800</load_address>
         <run_address>0x2800</run_address>
         <size>0x220</size>
         <input_file_ref idref="fl-c9"/>
      </object_component>
      <object_component id="oc-149">
         <name>.bios</name>
         <load_address>0x2a20</load_address>
         <run_address>0x2a20</run_address>
         <size>0x200</size>
         <input_file_ref idref="fl-c0"/>
      </object_component>
      <object_component id="oc-bb">
         <name>.bios</name>
         <load_address>0x2c20</load_address>
         <run_address>0x2c20</run_address>
         <size>0x1c0</size>
         <input_file_ref idref="fl-9e"/>
      </object_component>
      <object_component id="oc-9c">
         <name>.bios</name>
         <load_address>0x2de0</load_address>
         <run_address>0x2de0</run_address>
         <size>0x1c0</size>
         <input_file_ref idref="fl-96"/>
      </object_component>
      <object_component id="oc-138">
         <name>.bios</name>
         <load_address>0x2fa0</load_address>
         <run_address>0x2fa0</run_address>
         <size>0x1a0</size>
         <input_file_ref idref="fl-bc"/>
      </object_component>
      <object_component id="oc-177">
         <name>.bios</name>
         <load_address>0x3140</load_address>
         <run_address>0x3140</run_address>
         <size>0x180</size>
         <input_file_ref idref="fl-ca"/>
      </object_component>
      <object_component id="oc-150">
         <name>.bios</name>
         <load_address>0x32c0</load_address>
         <run_address>0x32c0</run_address>
         <size>0x180</size>
         <input_file_ref idref="fl-c1"/>
      </object_component>
      <object_component id="oc-ff">
         <name>.bios</name>
         <load_address>0x3440</load_address>
         <run_address>0x3440</run_address>
         <size>0x140</size>
         <input_file_ref idref="fl-af"/>
      </object_component>
      <object_component id="oc-eb">
         <name>.bios</name>
         <load_address>0x3580</load_address>
         <run_address>0x3580</run_address>
         <size>0xe0</size>
         <input_file_ref idref="fl-aa"/>
      </object_component>
      <object_component id="oc-fc">
         <name>.bios</name>
         <load_address>0x3660</load_address>
         <run_address>0x3660</run_address>
         <size>0xe0</size>
         <input_file_ref idref="fl-ae"/>
      </object_component>
      <object_component id="oc-165">
         <name>.bios</name>
         <load_address>0x3740</load_address>
         <run_address>0x3740</run_address>
         <size>0xe0</size>
         <input_file_ref idref="fl-c6"/>
      </object_component>
      <object_component id="oc-160">
         <name>.bios</name>
         <load_address>0x3820</load_address>
         <run_address>0x3820</run_address>
         <size>0xe0</size>
         <input_file_ref idref="fl-c5"/>
      </object_component>
      <object_component id="oc-de">
         <name>.bios</name>
         <load_address>0x3900</load_address>
         <run_address>0x3900</run_address>
         <size>0xe0</size>
         <input_file_ref idref="fl-a7"/>
      </object_component>
      <object_component id="oc-108">
         <name>.bios</name>
         <load_address>0x39e0</load_address>
         <run_address>0x39e0</run_address>
         <size>0xc0</size>
         <input_file_ref idref="fl-b1"/>
      </object_component>
      <object_component id="oc-104">
         <name>.bios</name>
         <load_address>0x3aa0</load_address>
         <run_address>0x3aa0</run_address>
         <size>0xc0</size>
         <input_file_ref idref="fl-b0"/>
      </object_component>
      <object_component id="oc-155">
         <name>.bios</name>
         <load_address>0x3b60</load_address>
         <run_address>0x3b60</run_address>
         <size>0xc0</size>
         <input_file_ref idref="fl-c2"/>
      </object_component>
      <object_component id="oc-13c">
         <name>.bios</name>
         <load_address>0x3c20</load_address>
         <run_address>0x3c20</run_address>
         <size>0xc0</size>
         <input_file_ref idref="fl-bd"/>
      </object_component>
      <object_component id="oc-44">
         <name>.bios</name>
         <load_address>0x3ce0</load_address>
         <run_address>0x3ce0</run_address>
         <size>0xc0</size>
         <input_file_ref idref="fl-89"/>
      </object_component>
      <object_component id="oc-a0">
         <name>.bios</name>
         <load_address>0x3da0</load_address>
         <run_address>0x3da0</run_address>
         <size>0x80</size>
         <input_file_ref idref="fl-97"/>
      </object_component>
      <object_component id="oc-ae">
         <name>.bios</name>
         <load_address>0x3e20</load_address>
         <run_address>0x3e20</run_address>
         <size>0x80</size>
         <input_file_ref idref="fl-9b"/>
      </object_component>
      <object_component id="oc-bf">
         <name>.bios</name>
         <load_address>0x3ea0</load_address>
         <run_address>0x3ea0</run_address>
         <size>0x80</size>
         <input_file_ref idref="fl-9f"/>
      </object_component>
      <object_component id="oc-d4">
         <name>.bios</name>
         <load_address>0x3f20</load_address>
         <run_address>0x3f20</run_address>
         <size>0x80</size>
         <input_file_ref idref="fl-a4"/>
      </object_component>
      <object_component id="oc-b2">
         <name>.bios</name>
         <load_address>0x3fa0</load_address>
         <run_address>0x3fa0</run_address>
         <size>0x80</size>
         <input_file_ref idref="fl-9c"/>
      </object_component>
      <object_component id="oc-f2">
         <name>.bios</name>
         <load_address>0x4020</load_address>
         <run_address>0x4020</run_address>
         <size>0x60</size>
         <input_file_ref idref="fl-ac"/>
      </object_component>
      <object_component id="oc-158">
         <name>.bios</name>
         <load_address>0x4080</load_address>
         <run_address>0x4080</run_address>
         <size>0x60</size>
         <input_file_ref idref="fl-c3"/>
      </object_component>
      <object_component id="oc-169">
         <name>.bios</name>
         <load_address>0x40e0</load_address>
         <run_address>0x40e0</run_address>
         <size>0x60</size>
         <input_file_ref idref="fl-c7"/>
      </object_component>
      <object_component id="oc-46">
         <name>.bios</name>
         <load_address>0x4140</load_address>
         <run_address>0x4140</run_address>
         <size>0x60</size>
         <input_file_ref idref="fl-94"/>
      </object_component>
      <object_component id="oc-e2">
         <name>.bios</name>
         <load_address>0x41a0</load_address>
         <run_address>0x41a0</run_address>
         <size>0x60</size>
         <input_file_ref idref="fl-a8"/>
      </object_component>
      <object_component id="oc-3f">
         <name>.bios</name>
         <load_address>0x4200</load_address>
         <run_address>0x4200</run_address>
         <size>0x40</size>
         <input_file_ref idref="fl-8c"/>
      </object_component>
      <object_component id="oc-d0">
         <name>.bios</name>
         <load_address>0x4240</load_address>
         <run_address>0x4240</run_address>
         <size>0x40</size>
         <input_file_ref idref="fl-a3"/>
      </object_component>
      <object_component id="oc-3e">
         <name>.bios</name>
         <load_address>0x4280</load_address>
         <run_address>0x4280</run_address>
         <size>0x40</size>
         <input_file_ref idref="fl-92"/>
      </object_component>
      <object_component id="oc-e6">
         <name>.bios</name>
         <load_address>0x42c0</load_address>
         <run_address>0x42c0</run_address>
         <size>0x40</size>
         <input_file_ref idref="fl-a9"/>
      </object_component>
      <object_component id="oc-4a">
         <name>.bios</name>
         <load_address>0x4300</load_address>
         <run_address>0x4300</run_address>
         <size>0x20</size>
         <input_file_ref idref="fl-8f"/>
      </object_component>
      <object_component id="oc-ee">
         <name>.bios</name>
         <load_address>0x4320</load_address>
         <run_address>0x4320</run_address>
         <size>0x20</size>
         <input_file_ref idref="fl-ab"/>
      </object_component>
      <object_component id="oc-b6">
         <name>.bios</name>
         <load_address>0x4340</load_address>
         <run_address>0x4340</run_address>
         <size>0x20</size>
         <input_file_ref idref="fl-9d"/>
      </object_component>
      <object_component id="oc-12d">
         <name>.bios</name>
         <load_address>0x4360</load_address>
         <run_address>0x4360</run_address>
         <size>0x20</size>
         <input_file_ref idref="fl-ba"/>
      </object_component>
      <object_component id="oc-49">
         <name>.bios</name>
         <load_address>0x4380</load_address>
         <run_address>0x4380</run_address>
         <size>0x20</size>
         <input_file_ref idref="fl-93"/>
      </object_component>
      <object_component id="oc-48">
         <name>.bios</name>
         <load_address>0x43a0</load_address>
         <run_address>0x43a0</run_address>
         <size>0x20</size>
         <input_file_ref idref="fl-95"/>
      </object_component>
      <object_component id="oc-121">
         <name>.pinit</name>
         <load_address>0xc320</load_address>
         <run_address>0xc320</run_address>
         <size>0x4</size>
         <input_file_ref idref="fl-b7"/>
      </object_component>
      <object_component id="oc-12a">
         <name>.pinit</name>
         <load_address>0xc324</load_address>
         <run_address>0xc324</run_address>
         <size>0x4</size>
         <input_file_ref idref="fl-b9"/>
      </object_component>
      <object_component id="oc-4f">
         <name>.sys</name>
         <uninitialized>true</uninitialized>
         <run_address>0xc310</run_address>
         <size>0x10</size>
         <input_file_ref idref="fl-b"/>
      </object_component>
      <object_component id="oc-199">
         <name>.text:_memcpy</name>
         <load_address>0xa020</load_address>
         <run_address>0xa020</run_address>
         <size>0x240</size>
         <input_file_ref idref="fl-cf"/>
      </object_component>
      <object_component id="oc-40">
         <name>.text</name>
         <load_address>0xa260</load_address>
         <run_address>0xa260</run_address>
         <size>0x180</size>
         <input_file_ref idref="fl-90"/>
      </object_component>
      <object_component id="oc-1a6">
         <name>.text:_call_dtors</name>
         <load_address>0xa3e0</load_address>
         <run_address>0xa3e0</run_address>
         <size>0x160</size>
         <input_file_ref idref="fl-cd"/>
      </object_component>
      <object_component id="oc-19f">
         <name>.text:_atexit</name>
         <load_address>0xa540</load_address>
         <run_address>0xa540</run_address>
         <size>0xe0</size>
         <input_file_ref idref="fl-cc"/>
      </object_component>
      <object_component id="oc-14c">
         <name>.text</name>
         <load_address>0xa620</load_address>
         <run_address>0xa620</run_address>
         <size>0xc0</size>
         <input_file_ref idref="fl-c1"/>
      </object_component>
      <object_component id="oc-1a5">
         <name>.text:___add_dtor</name>
         <load_address>0xa6e0</load_address>
         <run_address>0xa6e0</run_address>
         <size>0x40</size>
         <input_file_ref idref="fl-cd"/>
      </object_component>
      <object_component id="oc-19a">
         <name>.text:__nop</name>
         <load_address>0xa720</load_address>
         <run_address>0xa720</run_address>
         <size>0x20</size>
         <input_file_ref idref="fl-cb"/>
      </object_component>
      <object_component id="oc-197">
         <name>.text:__register_lock</name>
         <load_address>0xa740</load_address>
         <run_address>0xa740</run_address>
         <size>0x20</size>
         <input_file_ref idref="fl-cb"/>
      </object_component>
      <object_component id="oc-198">
         <name>.text:__register_unlock</name>
         <load_address>0xa760</load_address>
         <run_address>0xa760</run_address>
         <size>0x20</size>
         <input_file_ref idref="fl-cb"/>
      </object_component>
      <object_component id="oc-191">
         <name>.text</name>
         <load_address>0xa780</load_address>
         <run_address>0xa780</run_address>
         <size>0x20</size>
         <input_file_ref idref="fl-d"/>
      </object_component>
      <object_component id="oc-4d">
         <name>.cinit</name>
         <load_address>0x9260</load_address>
         <run_address>0x9260</run_address>
         <size>0x594</size>
         <input_file_ref idref="fl-b"/>
      </object_component>
      <object_component id="oc-6e">
         <name>.cinit</name>
         <load_address>0x97f8</load_address>
         <run_address>0x97f8</run_address>
         <size>0x26c</size>
         <input_file_ref idref="fl-8a"/>
      </object_component>
      <object_component id="oc-f8">
         <name>.cinit</name>
         <load_address>0x9a68</load_address>
         <run_address>0x9a68</run_address>
         <size>0x1a4</size>
         <input_file_ref idref="fl-ad"/>
      </object_component>
      <object_component id="oc-7d">
         <name>.cinit</name>
         <load_address>0x9c10</load_address>
         <run_address>0x9c10</run_address>
         <size>0xb0</size>
         <input_file_ref idref="fl-8e"/>
      </object_component>
      <object_component id="oc-133">
         <name>.cinit</name>
         <load_address>0x9cc0</load_address>
         <run_address>0x9cc0</run_address>
         <size>0x80</size>
         <input_file_ref idref="fl-bb"/>
      </object_component>
      <object_component id="oc-14e">
         <name>.cinit</name>
         <load_address>0x9d40</load_address>
         <run_address>0x9d40</run_address>
         <size>0x60</size>
         <input_file_ref idref="fl-c1"/>
      </object_component>
      <object_component id="oc-77">
         <name>.cinit</name>
         <load_address>0x9da0</load_address>
         <run_address>0x9da0</run_address>
         <size>0x5c</size>
         <input_file_ref idref="fl-8d"/>
      </object_component>
      <object_component id="oc-cb">
         <name>.cinit</name>
         <load_address>0x9e00</load_address>
         <run_address>0x9e00</run_address>
         <size>0x4c</size>
         <input_file_ref idref="fl-a2"/>
      </object_component>
      <object_component id="oc-11f">
         <name>.cinit</name>
         <load_address>0x9e50</load_address>
         <run_address>0x9e50</run_address>
         <size>0x4c</size>
         <input_file_ref idref="fl-b7"/>
      </object_component>
      <object_component id="oc-ab">
         <name>.cinit</name>
         <load_address>0x9ea0</load_address>
         <run_address>0x9ea0</run_address>
         <size>0x34</size>
         <input_file_ref idref="fl-9a"/>
      </object_component>
      <object_component id="oc-95">
         <name>.cinit</name>
         <load_address>0x9ed8</load_address>
         <run_address>0x9ed8</run_address>
         <size>0x2c</size>
         <input_file_ref idref="fl-94"/>
      </object_component>
      <object_component id="oc-18a">
         <name>.cinit</name>
         <load_address>0x9f08</load_address>
         <run_address>0x9f08</run_address>
         <size>0x2c</size>
         <input_file_ref idref="fl-ce"/>
      </object_component>
      <object_component id="oc-115">
         <name>.cinit</name>
         <load_address>0x9f38</load_address>
         <run_address>0x9f38</run_address>
         <size>0x24</size>
         <input_file_ref idref="fl-b5"/>
      </object_component>
      <object_component id="oc-141">
         <name>.cinit</name>
         <load_address>0x9f60</load_address>
         <run_address>0x9f60</run_address>
         <size>0x1c</size>
         <input_file_ref idref="fl-be"/>
      </object_component>
      <object_component id="oc-17b">
         <name>.cinit</name>
         <load_address>0x9f80</load_address>
         <run_address>0x9f80</run_address>
         <size>0x1c</size>
         <input_file_ref idref="fl-cb"/>
      </object_component>
      <object_component id="oc-180">
         <name>.cinit</name>
         <load_address>0x9fa0</load_address>
         <run_address>0x9fa0</run_address>
         <size>0x1c</size>
         <input_file_ref idref="fl-cc"/>
      </object_component>
      <object_component id="oc-88">
         <name>.cinit</name>
         <load_address>0x9fc0</load_address>
         <run_address>0x9fc0</run_address>
         <size>0x18</size>
         <input_file_ref idref="fl-91"/>
      </object_component>
      <object_component id="oc-16e">
         <name>.cinit</name>
         <load_address>0x9fd8</load_address>
         <run_address>0x9fd8</run_address>
         <size>0xc</size>
         <input_file_ref idref="fl-c8"/>
      </object_component>
      <object_component id="oc-ad">
         <name>.cinit</name>
         <load_address>0x9fe8</load_address>
         <run_address>0x9fe8</run_address>
         <size>0xc</size>
         <input_file_ref idref="fl-9b"/>
      </object_component>
      <object_component id="oc-ba">
         <name>.cinit</name>
         <load_address>0x9ff8</load_address>
         <run_address>0x9ff8</run_address>
         <size>0xc</size>
         <input_file_ref idref="fl-9e"/>
      </object_component>
      <object_component id="oc-185">
         <name>.cinit</name>
         <load_address>0xa008</load_address>
         <run_address>0xa008</run_address>
         <size>0xc</size>
         <input_file_ref idref="fl-cd"/>
      </object_component>
      <object_component id="oc-19c">
         <name>.switch</name>
         <load_address>0xc2a0</load_address>
         <run_address>0xc2a0</run_address>
         <size>0x28</size>
         <input_file_ref idref="fl-b9"/>
      </object_component>
      <object_component id="oc-4b">
         <name>.gblinit</name>
         <load_address>0xc1f8</load_address>
         <run_address>0xc1f8</run_address>
         <size>0x40</size>
         <input_file_ref idref="fl-b"/>
      </object_component>
      <object_component id="oc-5f">
         <name>.sysinit</name>
         <load_address>0xa7a0</load_address>
         <run_address>0xa7a0</run_address>
         <size>0x2e0</size>
         <input_file_ref idref="fl-b"/>
      </object_component>
      <object_component id="oc-111">
         <name>.sysinit</name>
         <load_address>0xaa80</load_address>
         <run_address>0xaa80</run_address>
         <size>0xe0</size>
         <input_file_ref idref="fl-b4"/>
      </object_component>
      <object_component id="oc-41">
         <name>.sysinit</name>
         <load_address>0xab60</load_address>
         <run_address>0xab60</run_address>
         <size>0xc0</size>
         <input_file_ref idref="fl-98"/>
      </object_component>
      <object_component id="oc-145">
         <name>.sysinit</name>
         <load_address>0xac20</load_address>
         <run_address>0xac20</run_address>
         <size>0x80</size>
         <input_file_ref idref="fl-bf"/>
      </object_component>
      <object_component id="oc-117">
         <name>.sysinit</name>
         <load_address>0xaca0</load_address>
         <run_address>0xaca0</run_address>
         <size>0x20</size>
         <input_file_ref idref="fl-b5"/>
      </object_component>
      <object_component id="oc-a9">
         <name>.trcdata</name>
         <load_address>0xc32c</load_address>
         <run_address>0xc32c</run_address>
         <size>0xc</size>
         <input_file_ref idref="fl-99"/>
      </object_component>
      <object_component id="oc-4e">
         <name>.rtdx_data</name>
         <uninitialized>true</uninitialized>
         <run_address>0xacc0</run_address>
         <size>0x410</size>
         <input_file_ref idref="fl-b"/>
      </object_component>
      <object_component id="oc-120">
         <name>.rtdx_data</name>
         <uninitialized>true</uninitialized>
         <run_address>0xb0d0</run_address>
         <size>0x20</size>
         <input_file_ref idref="fl-b7"/>
      </object_component>
      <object_component id="oc-129">
         <name>.rtdx_data</name>
         <uninitialized>true</uninitialized>
         <run_address>0xb0f0</run_address>
         <size>0x1c</size>
         <input_file_ref idref="fl-b9"/>
      </object_component>
      <object_component id="oc-192">
         <name>.rtdx_text:_RTDX_Poll</name>
         <load_address>0x83c0</load_address>
         <run_address>0x83c0</run_address>
         <size>0x400</size>
         <input_file_ref idref="fl-b9"/>
      </object_component>
      <object_component id="oc-19e">
         <name>.rtdx_text:_RTDX_Buffer_WriteCB</name>
         <load_address>0x87c0</load_address>
         <run_address>0x87c0</run_address>
         <size>0x340</size>
         <input_file_ref idref="fl-b7"/>
      </object_component>
      <object_component id="oc-1a3">
         <name>.rtdx_text:_RTDX_write_next</name>
         <load_address>0x8b00</load_address>
         <run_address>0x8b00</run_address>
         <size>0x300</size>
         <input_file_ref idref="fl-b7"/>
      </object_component>
      <object_component id="oc-1a4">
         <name>.rtdx_text:_RTDX_Mon_Queue</name>
         <load_address>0x8e00</load_address>
         <run_address>0x8e00</run_address>
         <size>0x140</size>
         <input_file_ref idref="fl-b9"/>
      </object_component>
      <object_component id="oc-1a2">
         <name>.rtdx_text:_claim</name>
         <load_address>0x8f40</load_address>
         <run_address>0x8f40</run_address>
         <size>0xe0</size>
         <input_file_ref idref="fl-b7"/>
      </object_component>
      <object_component id="oc-196">
         <name>.rtdx_text:_RTDX_Init_RT_Monitor</name>
         <load_address>0x9020</load_address>
         <run_address>0x9020</run_address>
         <size>0x80</size>
         <input_file_ref idref="fl-b9"/>
      </object_component>
      <object_component id="oc-195">
         <name>.rtdx_text:_RTDX_Buffer_Initialize</name>
         <load_address>0x90a0</load_address>
         <run_address>0x90a0</run_address>
         <size>0x60</size>
         <input_file_ref idref="fl-b7"/>
      </object_component>
      <object_component id="oc-19d">
         <name>.rtdx_text:_RTDX_Buffer_ReadCB</name>
         <load_address>0x9100</load_address>
         <run_address>0x9100</run_address>
         <size>0x60</size>
         <input_file_ref idref="fl-b6"/>
      </object_component>
      <object_component id="oc-1a1">
         <name>.rtdx_text:_RTDX_Buffer_Size</name>
         <load_address>0x9160</load_address>
         <run_address>0x9160</run_address>
         <size>0x40</size>
         <input_file_ref idref="fl-b7"/>
      </object_component>
      <object_component id="oc-1a0">
         <name>.rtdx_text:_RTDX_Final_RT_Monitor</name>
         <load_address>0x91a0</load_address>
         <run_address>0x91a0</run_address>
         <size>0x40</size>
         <input_file_ref idref="fl-b9"/>
      </object_component>
      <object_component id="oc-193">
         <name>.rtdx_text:_RTDX_Buffer_Read</name>
         <load_address>0x91e0</load_address>
         <run_address>0x91e0</run_address>
         <size>0x20</size>
         <input_file_ref idref="fl-b6"/>
      </object_component>
      <object_component id="oc-194">
         <name>.rtdx_text:_RTDX_Buffer_Write</name>
         <load_address>0x9200</load_address>
         <run_address>0x9200</run_address>
         <size>0x20</size>
         <input_file_ref idref="fl-b7"/>
      </object_component>
      <object_component id="oc-19b">
         <name>.rtdx_text:_RTDX_checksum</name>
         <load_address>0x9220</load_address>
         <run_address>0x9220</run_address>
         <size>0x20</size>
         <input_file_ref idref="fl-b9"/>
      </object_component>
      <object_component id="oc-125">
         <name>.rtdx_text</name>
         <load_address>0x9240</load_address>
         <run_address>0x9240</run_address>
         <size>0x20</size>
         <input_file_ref idref="fl-b8"/>
      </object_component>
      <object_component id="oc-5a">
         <name>.TSK_idle$stk</name>
         <uninitialized>true</uninitialized>
         <run_address>0xb110</run_address>
         <size>0x400</size>
         <input_file_ref idref="fl-b"/>
      </object_component>
      <object_component id="oc-5d">
         <name>.LOG_system$buf</name>
         <uninitialized>true</uninitialized>
         <run_address>0xbf00</run_address>
         <size>0x100</size>
         <input_file_ref idref="fl-b"/>
      </object_component>
      <object_component id="oc-51">
         <name>.hst1</name>
         <uninitialized>true</uninitialized>
         <run_address>0xc2e0</run_address>
         <size>0x10</size>
         <input_file_ref idref="fl-b"/>
      </object_component>
      <object_component id="oc-54">
         <name>.hst0</name>
         <uninitialized>true</uninitialized>
         <run_address>0xc000</run_address>
         <size>0x100</size>
         <input_file_ref idref="fl-b"/>
      </object_component>
      <object_component id="oc-151">
         <name>.const</name>
         <load_address>0xc100</load_address>
         <run_address>0xc100</run_address>
         <size>0x4e</size>
         <input_file_ref idref="fl-c1"/>
      </object_component>
      <object_component id="oc-8d">
         <name>.const</name>
         <load_address>0xc14e</load_address>
         <run_address>0xc14e</run_address>
         <size>0x23</size>
         <input_file_ref idref="fl-92"/>
      </object_component>
      <object_component id="oc-91">
         <name>.const</name>
         <load_address>0xc171</load_address>
         <run_address>0xc171</run_address>
         <size>0x22</size>
         <input_file_ref idref="fl-93"/>
      </object_component>
      <object_component id="oc-135">
         <name>.const</name>
         <load_address>0xc194</load_address>
         <run_address>0xc194</run_address>
         <size>0x1</size>
         <input_file_ref idref="fl-bb"/>
      </object_component>
      <object_component id="oc-57">
         <name>.printf</name>
         <load_address>0xc195</load_address>
         <run_address>0xc195</run_address>
         <size>0x3f</size>
         <input_file_ref idref="fl-b"/>
      </object_component>
      <object_component id="oc-a5">
         <name>.args</name>
         <load_address>0xa01c</load_address>
         <run_address>0xa01c</run_address>
         <size>0x0</size>
         <input_file_ref idref="fl-98"/>
      </object_component>
      <object_component id="oc-32">
         <name>_SYS_PUTCBEG</name>
         <load_address>0xbc08</load_address>
         <run_address>0xbc08</run_address>
         <size>0x0</size>
      </object_component>
      <object_component id="oc-34">
         <name>_SYS_PUTCEND</name>
         <load_address>0xbe08</load_address>
         <run_address>0xbe08</run_address>
         <size>0x0</size>
      </object_component>
      <object_component id="oc-52">
         <name>.hst</name>
         <uninitialized>true</uninitialized>
         <run_address>0xc238</run_address>
         <size>0x3c</size>
         <input_file_ref idref="fl-b"/>
      </object_component>
      <object_component id="oc-5e">
         <name>.log</name>
         <load_address>0xc2c8</load_address>
         <run_address>0xc2c8</run_address>
         <size>0x18</size>
         <input_file_ref idref="fl-b"/>
      </object_component>
      <object_component id="oc-53">
         <name>.pip</name>
         <uninitialized>true</uninitialized>
         <run_address>0xbe08</run_address>
         <size>0xc8</size>
         <input_file_ref idref="fl-b"/>
      </object_component>
      <object_component id="oc-58">
         <name>.sts</name>
         <load_address>0xbed0</load_address>
         <run_address>0xbed0</run_address>
         <size>0x30</size>
         <input_file_ref idref="fl-b"/>
      </object_component>
      <object_component id="oc-3a">
         <name>GBL_stackbeg</name>
         <uninitialized>true</uninitialized>
         <run_address>0x43c0</run_address>
         <size>0x0</size>
      </object_component>
      <object_component id="oc-a6">
         <name>.stack</name>
         <uninitialized>true</uninitialized>
         <run_address>0x43c0</run_address>
         <size>0x0</size>
         <input_file_ref idref="fl-98"/>
      </object_component>
      <object_component id="oc-1dd">
         <name>.stack</name>
         <uninitialized>true</uninitialized>
         <run_address>0x43c0</run_address>
         <size>0x0</size>
      </object_component>
      <object_component id="oc-61">
         <name>.debug_info</name>
         <load_address>0x0</load_address>
         <run_address>0x0</run_address>
         <size>0x3cb</size>
         <input_file_ref idref="fl-b"/>
      </object_component>
      <object_component id="oc-64">
         <name>.debug_info</name>
         <load_address>0x3cb</load_address>
         <run_address>0x3cb</run_address>
         <size>0x5da</size>
         <input_file_ref idref="fl-c"/>
      </object_component>
      <object_component id="oc-66">
         <name>.debug_info</name>
         <load_address>0x9a5</load_address>
         <run_address>0x9a5</run_address>
         <size>0x60c</size>
         <input_file_ref idref="fl-d"/>
      </object_component>
      <object_component id="oc-6a">
         <name>.debug_info</name>
         <load_address>0xfb1</load_address>
         <run_address>0xfb1</run_address>
         <size>0xf8</size>
         <input_file_ref idref="fl-89"/>
      </object_component>
      <object_component id="oc-70">
         <name>.debug_info</name>
         <load_address>0x10a9</load_address>
         <run_address>0x10a9</run_address>
         <size>0xb9</size>
         <input_file_ref idref="fl-8b"/>
      </object_component>
      <object_component id="oc-73">
         <name>.debug_info</name>
         <load_address>0x1162</load_address>
         <run_address>0x1162</run_address>
         <size>0xaf</size>
         <input_file_ref idref="fl-8c"/>
      </object_component>
      <object_component id="oc-79">
         <name>.debug_info</name>
         <load_address>0x1211</load_address>
         <run_address>0x1211</run_address>
         <size>0x1a5</size>
         <input_file_ref idref="fl-8d"/>
      </object_component>
      <object_component id="oc-7e">
         <name>.debug_info</name>
         <load_address>0x13b6</load_address>
         <run_address>0x13b6</run_address>
         <size>0x13c</size>
         <input_file_ref idref="fl-8e"/>
      </object_component>
      <object_component id="oc-81">
         <name>.debug_info</name>
         <load_address>0x14f2</load_address>
         <run_address>0x14f2</run_address>
         <size>0x607</size>
         <input_file_ref idref="fl-8f"/>
      </object_component>
      <object_component id="oc-84">
         <name>.debug_info</name>
         <load_address>0x1af9</load_address>
         <run_address>0x1af9</run_address>
         <size>0x6f0</size>
         <input_file_ref idref="fl-90"/>
      </object_component>
      <object_component id="oc-87">
         <name>.debug_info</name>
         <load_address>0x21e9</load_address>
         <run_address>0x21e9</run_address>
         <size>0xf1f</size>
         <input_file_ref idref="fl-91"/>
      </object_component>
      <object_component id="oc-8c">
         <name>.debug_info</name>
         <load_address>0x3108</load_address>
         <run_address>0x3108</run_address>
         <size>0x7fd</size>
         <input_file_ref idref="fl-92"/>
      </object_component>
      <object_component id="oc-90">
         <name>.debug_info</name>
         <load_address>0x3905</load_address>
         <run_address>0x3905</run_address>
         <size>0x7ea</size>
         <input_file_ref idref="fl-93"/>
      </object_component>
      <object_component id="oc-94">
         <name>.debug_info</name>
         <load_address>0x40ef</load_address>
         <run_address>0x40ef</run_address>
         <size>0x6d9</size>
         <input_file_ref idref="fl-94"/>
      </object_component>
      <object_component id="oc-99">
         <name>.debug_info</name>
         <load_address>0x47c8</load_address>
         <run_address>0x47c8</run_address>
         <size>0x690</size>
         <input_file_ref idref="fl-95"/>
      </object_component>
      <object_component id="oc-9d">
         <name>.debug_info</name>
         <load_address>0x4e58</load_address>
         <run_address>0x4e58</run_address>
         <size>0x112</size>
         <input_file_ref idref="fl-96"/>
      </object_component>
      <object_component id="oc-a1">
         <name>.debug_info</name>
         <load_address>0x4f6a</load_address>
         <run_address>0x4f6a</run_address>
         <size>0x106</size>
         <input_file_ref idref="fl-97"/>
      </object_component>
      <object_component id="oc-a4">
         <name>.debug_info</name>
         <load_address>0x5070</load_address>
         <run_address>0x5070</run_address>
         <size>0x65a</size>
         <input_file_ref idref="fl-98"/>
      </object_component>
      <object_component id="oc-af">
         <name>.debug_info</name>
         <load_address>0x56ca</load_address>
         <run_address>0x56ca</run_address>
         <size>0xaf</size>
         <input_file_ref idref="fl-9b"/>
      </object_component>
      <object_component id="oc-b3">
         <name>.debug_info</name>
         <load_address>0x5779</load_address>
         <run_address>0x5779</run_address>
         <size>0xb8</size>
         <input_file_ref idref="fl-9c"/>
      </object_component>
      <object_component id="oc-b7">
         <name>.debug_info</name>
         <load_address>0x5831</load_address>
         <run_address>0x5831</run_address>
         <size>0xaa</size>
         <input_file_ref idref="fl-9d"/>
      </object_component>
      <object_component id="oc-bc">
         <name>.debug_info</name>
         <load_address>0x58db</load_address>
         <run_address>0x58db</run_address>
         <size>0x11b</size>
         <input_file_ref idref="fl-9e"/>
      </object_component>
      <object_component id="oc-c0">
         <name>.debug_info</name>
         <load_address>0x59f6</load_address>
         <run_address>0x59f6</run_address>
         <size>0xaa</size>
         <input_file_ref idref="fl-9f"/>
      </object_component>
      <object_component id="oc-c4">
         <name>.debug_info</name>
         <load_address>0x5aa0</load_address>
         <run_address>0x5aa0</run_address>
         <size>0x10c</size>
         <input_file_ref idref="fl-a0"/>
      </object_component>
      <object_component id="oc-c8">
         <name>.debug_info</name>
         <load_address>0x5bac</load_address>
         <run_address>0x5bac</run_address>
         <size>0xd8</size>
         <input_file_ref idref="fl-a1"/>
      </object_component>
      <object_component id="oc-cd">
         <name>.debug_info</name>
         <load_address>0x5c84</load_address>
         <run_address>0x5c84</run_address>
         <size>0x1c2</size>
         <input_file_ref idref="fl-a2"/>
      </object_component>
      <object_component id="oc-d1">
         <name>.debug_info</name>
         <load_address>0x5e46</load_address>
         <run_address>0x5e46</run_address>
         <size>0xdb</size>
         <input_file_ref idref="fl-a3"/>
      </object_component>
      <object_component id="oc-d5">
         <name>.debug_info</name>
         <load_address>0x5f21</load_address>
         <run_address>0x5f21</run_address>
         <size>0x106</size>
         <input_file_ref idref="fl-a4"/>
      </object_component>
      <object_component id="oc-d9">
         <name>.debug_info</name>
         <load_address>0x6027</load_address>
         <run_address>0x6027</run_address>
         <size>0x60b</size>
         <input_file_ref idref="fl-a5"/>
      </object_component>
      <object_component id="oc-dc">
         <name>.debug_info</name>
         <load_address>0x6632</load_address>
         <run_address>0x6632</run_address>
         <size>0x5e5</size>
         <input_file_ref idref="fl-a6"/>
      </object_component>
      <object_component id="oc-df">
         <name>.debug_info</name>
         <load_address>0x6c17</load_address>
         <run_address>0x6c17</run_address>
         <size>0xb7</size>
         <input_file_ref idref="fl-a7"/>
      </object_component>
      <object_component id="oc-e3">
         <name>.debug_info</name>
         <load_address>0x6cce</load_address>
         <run_address>0x6cce</run_address>
         <size>0xb4</size>
         <input_file_ref idref="fl-a8"/>
      </object_component>
      <object_component id="oc-e7">
         <name>.debug_info</name>
         <load_address>0x6d82</load_address>
         <run_address>0x6d82</run_address>
         <size>0xb1</size>
         <input_file_ref idref="fl-a9"/>
      </object_component>
      <object_component id="oc-ea">
         <name>.debug_info</name>
         <load_address>0x6e33</load_address>
         <run_address>0x6e33</run_address>
         <size>0x7ee</size>
         <input_file_ref idref="fl-aa"/>
      </object_component>
      <object_component id="oc-ef">
         <name>.debug_info</name>
         <load_address>0x7621</load_address>
         <run_address>0x7621</run_address>
         <size>0xb9</size>
         <input_file_ref idref="fl-ab"/>
      </object_component>
      <object_component id="oc-f3">
         <name>.debug_info</name>
         <load_address>0x76da</load_address>
         <run_address>0x76da</run_address>
         <size>0x116</size>
         <input_file_ref idref="fl-ac"/>
      </object_component>
      <object_component id="oc-f7">
         <name>.debug_info</name>
         <load_address>0x77f0</load_address>
         <run_address>0x77f0</run_address>
         <size>0xbd9</size>
         <input_file_ref idref="fl-ad"/>
      </object_component>
      <object_component id="oc-fb">
         <name>.debug_info</name>
         <load_address>0x83c9</load_address>
         <run_address>0x83c9</run_address>
         <size>0xbb1</size>
         <input_file_ref idref="fl-ae"/>
      </object_component>
      <object_component id="oc-100">
         <name>.debug_info</name>
         <load_address>0x8f7a</load_address>
         <run_address>0x8f7a</run_address>
         <size>0x109</size>
         <input_file_ref idref="fl-af"/>
      </object_component>
      <object_component id="oc-103">
         <name>.debug_info</name>
         <load_address>0x9083</load_address>
         <run_address>0x9083</run_address>
         <size>0x8c8</size>
         <input_file_ref idref="fl-b0"/>
      </object_component>
      <object_component id="oc-107">
         <name>.debug_info</name>
         <load_address>0x994b</load_address>
         <run_address>0x994b</run_address>
         <size>0x981</size>
         <input_file_ref idref="fl-b1"/>
      </object_component>
      <object_component id="oc-10b">
         <name>.debug_info</name>
         <load_address>0xa2cc</load_address>
         <run_address>0xa2cc</run_address>
         <size>0xe4a</size>
         <input_file_ref idref="fl-b2"/>
      </object_component>
      <object_component id="oc-110">
         <name>.debug_info</name>
         <load_address>0xb116</load_address>
         <run_address>0xb116</run_address>
         <size>0x7cc</size>
         <input_file_ref idref="fl-b4"/>
      </object_component>
      <object_component id="oc-114">
         <name>.debug_info</name>
         <load_address>0xb8e2</load_address>
         <run_address>0xb8e2</run_address>
         <size>0x6b8</size>
         <input_file_ref idref="fl-b5"/>
      </object_component>
      <object_component id="oc-11a">
         <name>.debug_info</name>
         <load_address>0xbf9a</load_address>
         <run_address>0xbf9a</run_address>
         <size>0xa7f</size>
         <input_file_ref idref="fl-b6"/>
      </object_component>
      <object_component id="oc-11e">
         <name>.debug_info</name>
         <load_address>0xca19</load_address>
         <run_address>0xca19</run_address>
         <size>0x1201</size>
         <input_file_ref idref="fl-b7"/>
      </object_component>
      <object_component id="oc-124">
         <name>.debug_info</name>
         <load_address>0xdc1a</load_address>
         <run_address>0xdc1a</run_address>
         <size>0x5c1</size>
         <input_file_ref idref="fl-b8"/>
      </object_component>
      <object_component id="oc-128">
         <name>.debug_info</name>
         <load_address>0xe1db</load_address>
         <run_address>0xe1db</run_address>
         <size>0xc80</size>
         <input_file_ref idref="fl-b9"/>
      </object_component>
      <object_component id="oc-12e">
         <name>.debug_info</name>
         <load_address>0xee5b</load_address>
         <run_address>0xee5b</run_address>
         <size>0xaa</size>
         <input_file_ref idref="fl-ba"/>
      </object_component>
      <object_component id="oc-132">
         <name>.debug_info</name>
         <load_address>0xef05</load_address>
         <run_address>0xef05</run_address>
         <size>0xa57</size>
         <input_file_ref idref="fl-bb"/>
      </object_component>
      <object_component id="oc-137">
         <name>.debug_info</name>
         <load_address>0xf95c</load_address>
         <run_address>0xf95c</run_address>
         <size>0xda7</size>
         <input_file_ref idref="fl-bc"/>
      </object_component>
      <object_component id="oc-13b">
         <name>.debug_info</name>
         <load_address>0x10703</load_address>
         <run_address>0x10703</run_address>
         <size>0x7a6</size>
         <input_file_ref idref="fl-bd"/>
      </object_component>
      <object_component id="oc-140">
         <name>.debug_info</name>
         <load_address>0x10ea9</load_address>
         <run_address>0x10ea9</run_address>
         <size>0x659</size>
         <input_file_ref idref="fl-be"/>
      </object_component>
      <object_component id="oc-144">
         <name>.debug_info</name>
         <load_address>0x11502</load_address>
         <run_address>0x11502</run_address>
         <size>0x970</size>
         <input_file_ref idref="fl-bf"/>
      </object_component>
      <object_component id="oc-148">
         <name>.debug_info</name>
         <load_address>0x11e72</load_address>
         <run_address>0x11e72</run_address>
         <size>0xcf1</size>
         <input_file_ref idref="fl-c0"/>
      </object_component>
      <object_component id="oc-14d">
         <name>.debug_info</name>
         <load_address>0x12b63</load_address>
         <run_address>0x12b63</run_address>
         <size>0xfe5</size>
         <input_file_ref idref="fl-c1"/>
      </object_component>
      <object_component id="oc-154">
         <name>.debug_info</name>
         <load_address>0x13b48</load_address>
         <run_address>0x13b48</run_address>
         <size>0xbb3</size>
         <input_file_ref idref="fl-c2"/>
      </object_component>
      <object_component id="oc-159">
         <name>.debug_info</name>
         <load_address>0x146fb</load_address>
         <run_address>0x146fb</run_address>
         <size>0xb6</size>
         <input_file_ref idref="fl-c3"/>
      </object_component>
      <object_component id="oc-15c">
         <name>.debug_info</name>
         <load_address>0x147b1</load_address>
         <run_address>0x147b1</run_address>
         <size>0x1032</size>
         <input_file_ref idref="fl-c4"/>
      </object_component>
      <object_component id="oc-161">
         <name>.debug_info</name>
         <load_address>0x157e3</load_address>
         <run_address>0x157e3</run_address>
         <size>0xbd</size>
         <input_file_ref idref="fl-c5"/>
      </object_component>
      <object_component id="oc-164">
         <name>.debug_info</name>
         <load_address>0x158a0</load_address>
         <run_address>0x158a0</run_address>
         <size>0xc5e</size>
         <input_file_ref idref="fl-c6"/>
      </object_component>
      <object_component id="oc-168">
         <name>.debug_info</name>
         <load_address>0x164fe</load_address>
         <run_address>0x164fe</run_address>
         <size>0x723</size>
         <input_file_ref idref="fl-c7"/>
      </object_component>
      <object_component id="oc-16d">
         <name>.debug_info</name>
         <load_address>0x16c21</load_address>
         <run_address>0x16c21</run_address>
         <size>0xdd7</size>
         <input_file_ref idref="fl-c8"/>
      </object_component>
      <object_component id="oc-172">
         <name>.debug_info</name>
         <load_address>0x179f8</load_address>
         <run_address>0x179f8</run_address>
         <size>0xd12</size>
         <input_file_ref idref="fl-c9"/>
      </object_component>
      <object_component id="oc-176">
         <name>.debug_info</name>
         <load_address>0x1870a</load_address>
         <run_address>0x1870a</run_address>
         <size>0x821</size>
         <input_file_ref idref="fl-ca"/>
      </object_component>
      <object_component id="oc-17a">
         <name>.debug_info</name>
         <load_address>0x18f2b</load_address>
         <run_address>0x18f2b</run_address>
         <size>0x71f</size>
         <input_file_ref idref="fl-cb"/>
      </object_component>
      <object_component id="oc-17f">
         <name>.debug_info</name>
         <load_address>0x1964a</load_address>
         <run_address>0x1964a</run_address>
         <size>0x7f2</size>
         <input_file_ref idref="fl-cc"/>
      </object_component>
      <object_component id="oc-184">
         <name>.debug_info</name>
         <load_address>0x19e3c</load_address>
         <run_address>0x19e3c</run_address>
         <size>0x867</size>
         <input_file_ref idref="fl-cd"/>
      </object_component>
      <object_component id="oc-189">
         <name>.debug_info</name>
         <load_address>0x1a6a3</load_address>
         <run_address>0x1a6a3</run_address>
         <size>0x6df</size>
         <input_file_ref idref="fl-ce"/>
      </object_component>
      <object_component id="oc-18e">
         <name>.debug_info</name>
         <load_address>0x1ad82</load_address>
         <run_address>0x1ad82</run_address>
         <size>0x78b</size>
         <input_file_ref idref="fl-cf"/>
      </object_component>
      <object_component id="oc-1de">
         <name>.debug_info</name>
         <load_address>0x1b50d</load_address>
         <run_address>0x1b50d</run_address>
         <size>0x6d</size>
      </object_component>
      <object_component id="oc-62">
         <name>.debug_line</name>
         <load_address>0x0</load_address>
         <run_address>0x0</run_address>
         <size>0x283</size>
         <input_file_ref idref="fl-b"/>
      </object_component>
      <object_component id="oc-68">
         <name>.debug_line</name>
         <load_address>0x283</load_address>
         <run_address>0x283</run_address>
         <size>0x3d</size>
         <input_file_ref idref="fl-d"/>
      </object_component>
      <object_component id="oc-6b">
         <name>.debug_line</name>
         <load_address>0x2c0</load_address>
         <run_address>0x2c0</run_address>
         <size>0x75</size>
         <input_file_ref idref="fl-89"/>
      </object_component>
      <object_component id="oc-71">
         <name>.debug_line</name>
         <load_address>0x335</load_address>
         <run_address>0x335</run_address>
         <size>0xc4</size>
         <input_file_ref idref="fl-8b"/>
      </object_component>
      <object_component id="oc-74">
         <name>.debug_line</name>
         <load_address>0x3f9</load_address>
         <run_address>0x3f9</run_address>
         <size>0x4d</size>
         <input_file_ref idref="fl-8c"/>
      </object_component>
      <object_component id="oc-7a">
         <name>.debug_line</name>
         <load_address>0x446</load_address>
         <run_address>0x446</run_address>
         <size>0x1db</size>
         <input_file_ref idref="fl-8d"/>
      </object_component>
      <object_component id="oc-7f">
         <name>.debug_line</name>
         <load_address>0x621</load_address>
         <run_address>0x621</run_address>
         <size>0x139</size>
         <input_file_ref idref="fl-8e"/>
      </object_component>
      <object_component id="oc-82">
         <name>.debug_line</name>
         <load_address>0x75a</load_address>
         <run_address>0x75a</run_address>
         <size>0x3e</size>
         <input_file_ref idref="fl-8f"/>
      </object_component>
      <object_component id="oc-85">
         <name>.debug_line</name>
         <load_address>0x798</load_address>
         <run_address>0x798</run_address>
         <size>0x47</size>
         <input_file_ref idref="fl-90"/>
      </object_component>
      <object_component id="oc-8a">
         <name>.debug_line</name>
         <load_address>0x7df</load_address>
         <run_address>0x7df</run_address>
         <size>0x61</size>
         <input_file_ref idref="fl-91"/>
      </object_component>
      <object_component id="oc-8e">
         <name>.debug_line</name>
         <load_address>0x840</load_address>
         <run_address>0x840</run_address>
         <size>0x40</size>
         <input_file_ref idref="fl-92"/>
      </object_component>
      <object_component id="oc-92">
         <name>.debug_line</name>
         <load_address>0x880</load_address>
         <run_address>0x880</run_address>
         <size>0x40</size>
         <input_file_ref idref="fl-93"/>
      </object_component>
      <object_component id="oc-97">
         <name>.debug_line</name>
         <load_address>0x8c0</load_address>
         <run_address>0x8c0</run_address>
         <size>0x40</size>
         <input_file_ref idref="fl-94"/>
      </object_component>
      <object_component id="oc-9a">
         <name>.debug_line</name>
         <load_address>0x900</load_address>
         <run_address>0x900</run_address>
         <size>0x43</size>
         <input_file_ref idref="fl-95"/>
      </object_component>
      <object_component id="oc-9e">
         <name>.debug_line</name>
         <load_address>0x943</load_address>
         <run_address>0x943</run_address>
         <size>0xb3</size>
         <input_file_ref idref="fl-96"/>
      </object_component>
      <object_component id="oc-a2">
         <name>.debug_line</name>
         <load_address>0x9f6</load_address>
         <run_address>0x9f6</run_address>
[...]
      </symbol>
      <symbol id="sm-3d4">
         <name>__RTA_lat1beg</name>
         <value>0x1e98</value>
         <object_component_ref idref="oc-cc"/>
      </symbol>
      <symbol id="sm-3d5">
         <name>RTA_F_getlog</name>
         <value>0x1de0</value>
         <object_component_ref idref="oc-cc"/>
      </symbol>
      <symbol id="sm-3d6">
         <name>__RTA_lat1end</name>
         <value>0x1ed0</value>
         <object_component_ref idref="oc-cc"/>
      </symbol>
      <symbol id="sm-3d7">
         <name>RTA_F_writeword</name>
         <value>0x1e8c</value>
         <object_component_ref idref="oc-cc"/>
      </symbol>
      <symbol id="sm-3d8">
         <name>RTA_F_readblk</name>
         <value>0x1e6c</value>
         <object_component_ref idref="oc-cc"/>
      </symbol>
      <symbol id="sm-3d9">
         <name>RTA_F_getsts</name>
         <value>0x1e24</value>
         <object_component_ref idref="oc-cc"/>
      </symbol>
      <symbol id="sm-3da">
         <name>RTA_F_dispatch</name>
         <value>0x1ed8</value>
         <object_component_ref idref="oc-cc"/>
      </symbol>
      <symbol id="sm-3db">
         <name>RTA_F_resetmem</name>
         <value>0x1e98</value>
         <object_component_ref idref="oc-cc"/>
      </symbol>
      <symbol id="sm-3dc">
         <name>RTA_execute</name>
         <value>0x1f28</value>
         <object_component_ref idref="oc-cc"/>
      </symbol>
      <symbol id="sm-3e4">
         <name>RTA_F_or</name>
         <value>0x4260</value>
         <object_component_ref idref="oc-d0"/>
      </symbol>
      <symbol id="sm-3e5">
         <name>RTA_F_andn</name>
         <value>0x4240</value>
         <object_component_ref idref="oc-d0"/>
      </symbol>
      <symbol id="sm-3ed">
         <name>_STS_delta</name>
         <value>0x3f20</value>
         <object_component_ref idref="oc-d4"/>
      </symbol>
      <symbol id="sm-3ee">
         <name>_STS_reset</name>
         <value>0x3f84</value>
         <object_component_ref idref="oc-d4"/>
      </symbol>
      <symbol id="sm-3ef">
         <name>STS_F_delta</name>
         <value>0x3f20</value>
         <object_component_ref idref="oc-d4"/>
      </symbol>
      <symbol id="sm-3f0">
         <name>STS_F_reset</name>
         <value>0x3f84</value>
         <object_component_ref idref="oc-d4"/>
      </symbol>
      <symbol id="sm-3f1">
         <name>STS_F_add</name>
         <value>0x3f58</value>
         <object_component_ref idref="oc-d4"/>
      </symbol>
      <symbol id="sm-3f2">
         <name>_STS_add</name>
         <value>0x3f58</value>
         <object_component_ref idref="oc-d4"/>
      </symbol>
      <symbol id="sm-3fa">
         <name>_CLK_DFLTMICROSECS</name>
         <value>0xbbe8</value>
         <object_component_ref idref="oc-d8"/>
      </symbol>
      <symbol id="sm-3fb">
         <name>_CLK_D_microseconds</name>
         <value>0xbbec</value>
         <object_component_ref idref="oc-d8"/>
      </symbol>
      <symbol id="sm-403">
         <name>_CLK_htimePerLtime</name>
         <value>0xbbf8</value>
         <object_component_ref idref="oc-db"/>
      </symbol>
      <symbol id="sm-40b">
         <name>_CLK_measure</name>
         <value>0x3900</value>
         <object_component_ref idref="oc-de"/>
      </symbol>
      <symbol id="sm-413">
         <name>_CLK_start</name>
         <value>0x41a0</value>
         <object_component_ref idref="oc-e2"/>
      </symbol>
      <symbol id="sm-41b">
         <name>_CLK_stop</name>
         <value>0x42c0</value>
         <object_component_ref idref="oc-e6"/>
      </symbol>
      <symbol id="sm-425">
         <name>_GBL_cslCacheInit</name>
         <value>0x3580</value>
         <object_component_ref idref="oc-eb"/>
      </symbol>
      <symbol id="sm-42d">
         <name>GBL_A_VERSION</name>
         <value>0x5205</value>
      </symbol>
      <symbol id="sm-42e">
         <name>_GBL_getVersion</name>
         <value>0x4320</value>
         <object_component_ref idref="oc-ee"/>
      </symbol>
      <symbol id="sm-436">
         <name>_HWI_restore</name>
         <value>0x404c</value>
         <object_component_ref idref="oc-f2"/>
      </symbol>
      <symbol id="sm-437">
         <name>_HWI_enable</name>
         <value>0x4038</value>
         <object_component_ref idref="oc-f2"/>
      </symbol>
      <symbol id="sm-438">
         <name>_HWI_disable</name>
         <value>0x4020</value>
         <object_component_ref idref="oc-f2"/>
      </symbol>
      <symbol id="sm-444">
         <name>_KNL_maxqueue</name>
         <value>0xbb5c</value>
         <object_component_ref idref="oc-f6"/>
      </symbol>
      <symbol id="sm-445">
         <name>_KNL_inactive</name>
         <value>0xbb3c</value>
         <object_component_ref idref="oc-f6"/>
      </symbol>
      <symbol id="sm-446">
         <name>_KNL_tswitchfxn</name>
         <value>0xbb60</value>
         <object_component_ref idref="oc-f6"/>
      </symbol>
      <symbol id="sm-447">
         <name>_KNL_setpri</name>
         <value>0xbb38</value>
         <object_component_ref idref="oc-f6"/>
      </symbol>
      <symbol id="sm-448">
         <name>_KNL_swiptr</name>
         <value>0xbb54</value>
         <object_component_ref idref="oc-f6"/>
      </symbol>
      <symbol id="sm-449">
         <name>_KNL_dummy</name>
         <value>0xb738</value>
         <object_component_ref idref="oc-f9"/>
      </symbol>
      <symbol id="sm-44a">
         <name>_KNL_curtask</name>
         <value>0xbb48</value>
         <object_component_ref idref="oc-f6"/>
      </symbol>
      <symbol id="sm-44b">
         <name>_KNL_curqueue</name>
         <value>0xbb58</value>
         <object_component_ref idref="oc-f6"/>
      </symbol>
      <symbol id="sm-44c">
         <name>_KNL_wList</name>
         <value>0xbb30</value>
         <object_component_ref idref="oc-f6"/>
      </symbol>
      <symbol id="sm-44d">
         <name>_KNL_curtime</name>
         <value>0xbb50</value>
         <object_component_ref idref="oc-f6"/>
      </symbol>
      <symbol id="sm-44e">
         <name>_KNL_set</name>
         <value>0xbb44</value>
         <object_component_ref idref="oc-f6"/>
      </symbol>
      <symbol id="sm-44f">
         <name>_KNL_alarm</name>
         <value>0xbb34</value>
         <object_component_ref idref="oc-f6"/>
      </symbol>
      <symbol id="sm-450">
         <name>_KNL_prevtask</name>
         <value>0xbb4c</value>
         <object_component_ref idref="oc-f6"/>
      </symbol>
      <symbol id="sm-451">
         <name>_KNL_queues</name>
         <value>0xb698</value>
         <object_component_ref idref="oc-f9"/>
      </symbol>
      <symbol id="sm-452">
         <name>_KNL_idlefxn</name>
         <value>0xbb70</value>
         <object_component_ref idref="oc-f6"/>
      </symbol>
      <symbol id="sm-453">
         <name>_KNL_priority</name>
         <value>0xbb40</value>
         <object_component_ref idref="oc-f6"/>
      </symbol>
      <symbol id="sm-454">
         <name>_KNL_treadyfxn</name>
         <value>0xbb6c</value>
         <object_component_ref idref="oc-f6"/>
      </symbol>
      <symbol id="sm-455">
         <name>_KNL_tcreatefxn</name>
         <value>0xbb64</value>
         <object_component_ref idref="oc-f6"/>
      </symbol>
      <symbol id="sm-456">
         <name>_KNL_wFlag</name>
         <value>0xbb2c</value>
         <object_component_ref idref="oc-f6"/>
      </symbol>
      <symbol id="sm-457">
         <name>_KNL_tdeletefxn</name>
         <value>0xbb68</value>
         <object_component_ref idref="oc-f6"/>
      </symbol>
      <symbol id="sm-461">
         <name>_KNL_exit</name>
         <value>0x3660</value>
         <object_component_ref idref="oc-fc"/>
      </symbol>
      <symbol id="sm-462">
         <name>_KNL_enter</name>
         <value>0x36b4</value>
         <object_component_ref idref="oc-fc"/>
      </symbol>
      <symbol id="sm-46a">
         <name>__KNL_lat1beg</name>
         <value>0x3490</value>
         <object_component_ref idref="oc-ff"/>
      </symbol>
      <symbol id="sm-46b">
         <name>__KNL_lat1end</name>
         <value>0x3518</value>
         <object_component_ref idref="oc-ff"/>
      </symbol>
      <symbol id="sm-46c">
         <name>_KNL_max</name>
         <value>0x353c</value>
         <object_component_ref idref="oc-ff"/>
      </symbol>
      <symbol id="sm-46d">
         <name>_KNL_check</name>
         <value>0x3440</value>
         <object_component_ref idref="oc-ff"/>
      </symbol>
      <symbol id="sm-46e">
         <name>_KNL_idle</name>
         <value>0x3518</value>
         <object_component_ref idref="oc-ff"/>
      </symbol>
      <symbol id="sm-478">
         <name>_KNL_post</name>
         <value>0x3aa0</value>
         <object_component_ref idref="oc-104"/>
      </symbol>
      <symbol id="sm-482">
         <name>_KNL_ipost</name>
         <value>0x39e0</value>
         <object_component_ref idref="oc-108"/>
      </symbol>
      <symbol id="sm-48c">
         <name>_KNL_run</name>
         <value>0x1b20</value>
         <object_component_ref idref="oc-10c"/>
      </symbol>
      <symbol id="sm-490">
         <name>_MEM</name>
         <value>0xbc04</value>
         <object_component_ref idref="oc-10f"/>
      </symbol>
      <symbol id="sm-49a">
         <name>_MEM_init</name>
         <value>0xaa80</value>
         <object_component_ref idref="oc-111"/>
      </symbol>
      <symbol id="sm-4a8">
         <name>_OBJ_table</name>
         <value>0xb7cc</value>
         <object_component_ref idref="oc-116"/>
      </symbol>
      <symbol id="sm-4a9">
         <name>_OBJ_init</name>
         <value>0xaca0</value>
         <object_component_ref idref="oc-117"/>
      </symbol>
      <symbol id="sm-4aa">
         <name>_OBJ_segtab</name>
         <value>0xb804</value>
         <object_component_ref idref="oc-116"/>
      </symbol>
      <symbol id="sm-4b6">
         <name>_RTDX_Buffer_ReadCB</name>
         <value>0x9100</value>
         <object_component_ref idref="oc-19d"/>
      </symbol>
      <symbol id="sm-4b7">
         <name>RTDX_NORMALIZED_HDR</name>
         <value>0x1</value>
      </symbol>
      <symbol id="sm-4b8">
         <name>_RTDX_Buffer_Read</name>
         <value>0x91e0</value>
         <object_component_ref idref="oc-193"/>
      </symbol>
      <symbol id="sm-4d4">
         <name>_rtdx_buffer_state</name>
         <value>0xb0d0</value>
         <object_component_ref idref="oc-120"/>
      </symbol>
      <symbol id="sm-4d5">
         <name>_RTDX_Buffer_WriteCB</name>
         <value>0x87c0</value>
         <object_component_ref idref="oc-19e"/>
      </symbol>
      <symbol id="sm-4d6">
         <name>_rtdxNullChanCnt</name>
         <value>0xbbd4</value>
         <object_component_ref idref="oc-11d"/>
      </symbol>
      <symbol id="sm-4d7">
         <name>_RTDX_writing</name>
         <value>0xb0dc</value>
         <object_component_ref idref="oc-120"/>
      </symbol>
      <symbol id="sm-4d8">
         <name>_RTDX_Buffer_Initialize</name>
         <value>0x90a0</value>
         <object_component_ref idref="oc-195"/>
      </symbol>
      <symbol id="sm-4d9">
         <name>_RTDX_Buffer_Write</name>
         <value>0x9200</value>
         <object_component_ref idref="oc-194"/>
      </symbol>
      <symbol id="sm-4da">
         <name>_rtdxNullFuncCnt</name>
         <value>0xbbd8</value>
         <object_component_ref idref="oc-11d"/>
      </symbol>
      <symbol id="sm-4db">
         <name>_RTDX_Buffer_Size</name>
         <value>0x9160</value>
         <object_component_ref idref="oc-1a1"/>
      </symbol>
      <symbol id="sm-4e5">
         <name>_RTDX_Mask_IER</name>
         <value>0x9240</value>
         <object_component_ref idref="oc-125"/>
      </symbol>
      <symbol id="sm-4fd">
         <name>_RTDX_Mon_Queue</name>
         <value>0x8e00</value>
         <object_component_ref idref="oc-1a4"/>
      </symbol>
      <symbol id="sm-4fe">
         <name>_rtdx_mon_state</name>
         <value>0xb0f0</value>
         <object_component_ref idref="oc-129"/>
      </symbol>
      <symbol id="sm-4ff">
         <name>_RTDX_JTAGONLY</name>
         <value>0x2</value>
      </symbol>
      <symbol id="sm-500">
         <name>_RTDX_Final_RT_Monitor</name>
         <value>0x91a0</value>
         <object_component_ref idref="oc-1a0"/>
      </symbol>
      <symbol id="sm-501">
         <name>_RTDX_Poll</name>
         <value>0x83c0</value>
         <object_component_ref idref="oc-192"/>
      </symbol>
      <symbol id="sm-502">
         <name>_RTDX_Init_RT_Monitor</name>
         <value>0x9020</value>
         <object_component_ref idref="oc-196"/>
      </symbol>
      <symbol id="sm-50a">
         <name>_STS_set</name>
         <value>0x4360</value>
         <object_component_ref idref="oc-12d"/>
      </symbol>
      <symbol id="sm-518">
         <name>_TSK_nTasks</name>
         <value>0xbbdc</value>
         <object_component_ref idref="oc-131"/>
      </symbol>
      <symbol id="sm-519">
         <name>_TSK_config</name>
         <value>0xb78c</value>
         <object_component_ref idref="oc-134"/>
      </symbol>
      <symbol id="sm-51a">
         <name>_TSK</name>
         <value>0xbbe4</value>
         <object_component_ref idref="oc-131"/>
      </symbol>
      <symbol id="sm-51b">
         <name>_TSK_timerSem</name>
         <value>0xb7ac</value>
         <object_component_ref idref="oc-134"/>
      </symbol>
      <symbol id="sm-51c">
         <name>_TSK_pid</name>
         <value>0xbbe0</value>
         <object_component_ref idref="oc-131"/>
      </symbol>
      <symbol id="sm-51d">
         <name>_TSK_ATTRS</name>
         <value>0xb770</value>
         <object_component_ref idref="oc-134"/>
      </symbol>
      <symbol id="sm-527">
         <name>_TSK_exit</name>
         <value>0x2fa0</value>
         <object_component_ref idref="oc-138"/>
      </symbol>
      <symbol id="sm-531">
         <name>_SYS_exit</name>
         <value>0x3c20</value>
         <object_component_ref idref="oc-13c"/>
      </symbol>
      <symbol id="sm-53d">
         <name>_SYS_exitStack</name>
         <value>0xb870</value>
         <object_component_ref idref="oc-142"/>
      </symbol>
      <symbol id="sm-53e">
         <name>_SYS_exitStackPtr</name>
         <value>0xbbf0</value>
         <object_component_ref idref="oc-13f"/>
      </symbol>
      <symbol id="sm-53f">
         <name>_SYS_exitStackTop</name>
         <value>0xbbf4</value>
         <object_component_ref idref="oc-13f"/>
      </symbol>
      <symbol id="sm-549">
         <name>_TSK_init</name>
         <value>0xac20</value>
         <object_component_ref idref="oc-145"/>
      </symbol>
      <symbol id="sm-553">
         <name>_TSK_setup</name>
         <value>0x2a20</value>
         <object_component_ref idref="oc-149"/>
      </symbol>
      <symbol id="sm-565">
         <name>__MEM_mutex</name>
         <value>0xb848</value>
         <object_component_ref idref="oc-14f"/>
      </symbol>
      <symbol id="sm-566">
         <name>_TSK_startup</name>
         <value>0x3380</value>
         <object_component_ref idref="oc-150"/>
      </symbol>
      <symbol id="sm-567">
         <name>__TSK_mutex</name>
         <value>0xb820</value>
         <object_component_ref idref="oc-14f"/>
      </symbol>
      <symbol id="sm-571">
         <name>_LCK_pend</name>
         <value>0x3b90</value>
         <object_component_ref idref="oc-155"/>
      </symbol>
      <symbol id="sm-572">
         <name>_LCK_post</name>
         <value>0x3b60</value>
         <object_component_ref idref="oc-155"/>
      </symbol>
      <symbol id="sm-57a">
         <name>_SEM_pend</name>
         <value>0x4080</value>
         <object_component_ref idref="oc-158"/>
      </symbol>
      <symbol id="sm-584">
         <name>_SEM_pendEnterKnl</name>
         <value>0x20a0</value>
         <object_component_ref idref="oc-15d"/>
      </symbol>
      <symbol id="sm-58c">
         <name>_SEM_postBinary</name>
         <value>0x3820</value>
         <object_component_ref idref="oc-160"/>
      </symbol>
      <symbol id="sm-58d">
         <name>_SEM_post</name>
         <value>0x3820</value>
         <object_component_ref idref="oc-160"/>
      </symbol>
      <symbol id="sm-597">
         <name>_SEM_postEnterKnl</name>
         <value>0x3740</value>
         <object_component_ref idref="oc-165"/>
      </symbol>
      <symbol id="sm-5a1">
         <name>_SYS_abort</name>
         <value>0x40e0</value>
         <object_component_ref idref="oc-169"/>
      </symbol>
      <symbol id="sm-5af">
         <name>__GBL_setL2CacheMode</name>
         <value>0xc34</value>
         <object_component_ref idref="oc-16f"/>
      </symbol>
      <symbol id="sm-5b9">
         <name>__SEM_dopost</name>
         <value>0x2800</value>
         <object_component_ref idref="oc-173"/>
      </symbol>
      <symbol id="sm-5c3">
         <name>__auto_init</name>
         <value>0x3140</value>
         <object_component_ref idref="oc-177"/>
      </symbol>
      <symbol id="sm-5d5">
         <name>__unlock</name>
         <value>0xb8bc</value>
         <object_component_ref idref="oc-17c"/>
      </symbol>
      <symbol id="sm-5d6">
         <name>__lock</name>
         <value>0xb8b8</value>
         <object_component_ref idref="oc-17c"/>
      </symbol>
      <symbol id="sm-5d7">
         <name>__register_lock</name>
         <value>0xa740</value>
         <object_component_ref idref="oc-197"/>
      </symbol>
      <symbol id="sm-5d8">
         <name>__nop</name>
         <value>0xa720</value>
         <object_component_ref idref="oc-19a"/>
      </symbol>
      <symbol id="sm-5d9">
         <name>__register_unlock</name>
         <value>0xa760</value>
         <object_component_ref idref="oc-198"/>
      </symbol>
      <symbol id="sm-5e7">
         <name>_atexit</name>
         <value>0xa540</value>
         <object_component_ref idref="oc-19f"/>
      </symbol>
      <symbol id="sm-5e8">
         <name>___atexit_func_id__</name>
         <value>0xb510</value>
         <object_component_ref idref="oc-181"/>
      </symbol>
      <symbol id="sm-5f8">
         <name>_dtors</name>
         <value>0xb8c0</value>
         <object_component_ref idref="oc-186"/>
      </symbol>
      <symbol id="sm-5f9">
         <name>_call_dtors</name>
         <value>0xa3e0</value>
         <object_component_ref idref="oc-1a6"/>
      </symbol>
      <symbol id="sm-5fa">
         <name>___add_dtor</name>
         <value>0xa6e0</value>
         <object_component_ref idref="oc-1a5"/>
      </symbol>
      <symbol id="sm-606">
         <name>___TI_enable_exit_profile_output</name>
         <value>0xb8b4</value>
         <object_component_ref idref="oc-18b"/>
      </symbol>
      <symbol id="sm-607">
         <name>__cleanup_ptr</name>
         <value>0xb8ac</value>
         <object_component_ref idref="oc-18b"/>
      </symbol>
      <symbol id="sm-608">
         <name>__dtors_ptr</name>
         <value>0xb8b0</value>
         <object_component_ref idref="oc-18b"/>
      </symbol>
      <symbol id="sm-612">
         <name>_memcpy</name>
         <value>0xa020</value>
         <object_component_ref idref="oc-199"/>
      </symbol>
   </symbol_table>
</link_info>
